[2026-06-01T09:20:38.616Z] === data-updater run started — 41 countries ===
[2026-06-01T09:20:38.618Z] Processing argentina (ARG)...
[2026-06-01T09:20:46.895Z]   safety_raw=36.93 → score_safety=3.69
[2026-06-01T09:20:46.896Z]   rent: no valid data — keeping existing
[2026-06-01T09:20:47.501Z]   ERROR processing argentina: Error: Country not found for slug "argentina": Cannot coerce the result to a single JSON object
[2026-06-01T09:20:47.502Z] Processing australia (AUS)...
[2026-06-01T09:20:51.564Z]   safety_raw=66.13 → score_safety=6.61
[2026-06-01T09:20:51.565Z]   rent: no valid data — keeping existing
[2026-06-01T09:20:51.825Z]   ✓ updated australia
[2026-06-01T09:20:51.826Z] Processing austria (AUT)...
[2026-06-01T09:20:58.542Z]   safety_raw=70.51 → score_safety=7.05
[2026-06-01T09:20:58.544Z]   rent: no valid data — keeping existing
[2026-06-01T09:20:59.051Z]   ✓ updated austria
[2026-06-01T09:20:59.052Z] Processing belgium (BEL)...
[2026-06-01T09:21:14.069Z]   safety_raw=44.19 → score_safety=4.42
[2026-06-01T09:21:14.070Z]   rent: no valid data — keeping existing
[2026-06-01T09:21:14.276Z]   ✓ updated belgium
[2026-06-01T09:21:14.277Z] Processing brazil (BRA)...
[2026-06-01T09:21:29.408Z]   safety: no valid data — keeping existing
[2026-06-01T09:21:29.410Z]   rent: no valid data — keeping existing
[2026-06-01T09:21:29.410Z]   – no new data for brazil, skipping DB write
[2026-06-01T09:21:29.410Z] Processing canada (CAN)...
[2026-06-01T09:21:40.954Z]   safety_raw=56.42 → score_safety=5.64
[2026-06-01T09:21:40.955Z]   rent: no valid data — keeping existing
[2026-06-01T09:21:41.235Z]   ✓ updated canada
[2026-06-01T09:21:41.236Z] Processing chile (CHL)...
[2026-06-01T09:21:47.924Z]   safety_raw=35.88 → score_safety=3.59
[2026-06-01T09:21:47.925Z]   rent: no valid data — keeping existing
[2026-06-01T09:21:48.012Z]   ERROR processing chile: Error: Country not found for slug "chile": Cannot coerce the result to a single JSON object
[2026-06-01T09:21:48.013Z] Processing colombia (COL)...
[2026-06-01T09:21:53.166Z]   safety: no valid data — keeping existing
[2026-06-01T09:21:53.168Z]   rent: no valid data — keeping existing
[2026-06-01T09:21:53.168Z]   – no new data for colombia, skipping DB write
[2026-06-01T09:21:53.169Z] Processing costa-rica (CRI)...
[2026-06-01T09:21:59.148Z]   safety: no valid data — keeping existing
[2026-06-01T09:21:59.149Z]   rent: no valid data — keeping existing
[2026-06-01T09:21:59.149Z]   – no new data for costa-rica, skipping DB write
[2026-06-01T09:21:59.150Z] Processing croatia (HRV)...
[2026-06-01T09:22:01.663Z]   safety_raw=78.4 → score_safety=7.84
[2026-06-01T09:22:01.664Z]   rent: no valid data — keeping existing
[2026-06-01T09:22:01.882Z]   ✓ updated croatia
[2026-06-01T09:22:01.883Z] Processing czech-republic (CZE)...
[2026-06-01T09:22:03.753Z]   safety_raw=75.28 → score_safety=7.53
[2026-06-01T09:22:03.754Z]   rent: no valid data — keeping existing
[2026-06-01T09:22:03.894Z]   ✓ updated czech-republic
[2026-06-01T09:22:03.895Z] Processing denmark (DNK)...
[2026-06-01T09:22:06.314Z]   safety_raw=74.07 → score_safety=7.41
[2026-06-01T09:22:06.315Z]   rent: no valid data — keeping existing
[2026-06-01T09:22:06.441Z]   ✓ updated denmark
[2026-06-01T09:22:06.442Z] Processing finland (FIN)...
[2026-06-01T09:22:09.607Z]   safety_raw=74.78 → score_safety=7.48
[2026-06-01T09:22:09.608Z]   rent: no valid data — keeping existing
[2026-06-01T09:22:09.680Z]   ✓ updated finland
[2026-06-01T09:22:09.682Z] Processing france (FRA)...
[2026-06-01T09:22:13.886Z]   safety_raw=42.08 → score_safety=4.21
[2026-06-01T09:22:13.887Z]   rent: no valid data — keeping existing
[2026-06-01T09:22:14.182Z]   ✓ updated france
[2026-06-01T09:22:14.183Z] Processing georgia (GEO)...
[2026-06-01T09:22:29.189Z]   safety_raw=73.98 → score_safety=7.4
[2026-06-01T09:22:29.191Z]   rent: no valid data — keeping existing
[2026-06-01T09:22:29.405Z]   ✓ updated georgia
[2026-06-01T09:22:29.406Z] Processing germany (DEU)...
[2026-06-01T09:22:31.213Z]   safety_raw=55.45 → score_safety=5.55
[2026-06-01T09:22:31.215Z]   rent: no valid data — keeping existing
[2026-06-01T09:22:31.288Z]   ✓ updated germany
[2026-06-01T09:22:31.289Z] Processing greece (GRC)...
[2026-06-01T09:22:33.010Z]   safety_raw=44.97 → score_safety=4.5
[2026-06-01T09:22:33.011Z]   rent: no valid data — keeping existing
[2026-06-01T09:22:33.100Z]   ✓ updated greece
[2026-06-01T09:22:33.101Z] Processing india (IND)...
[2026-06-01T09:22:35.111Z]   safety_raw=46.3 → score_safety=4.63
[2026-06-01T09:22:35.112Z]   rent: no valid data — keeping existing
[2026-06-01T09:22:35.179Z]   ✓ updated india
[2026-06-01T09:22:35.180Z] Processing indonesia (IDN)...
[2026-06-01T09:22:36.515Z]   safety_raw=47.26 → score_safety=4.73
[2026-06-01T09:22:36.516Z]   rent: no valid data — keeping existing
[2026-06-01T09:22:36.682Z]   ERROR processing indonesia: Error: Country not found for slug "indonesia": Cannot coerce the result to a single JSON object
[2026-06-01T09:22:36.683Z] Processing ireland (IRL)...
[2026-06-01T09:22:38.026Z]   safety_raw=45.88 → score_safety=4.59
[2026-06-01T09:22:38.027Z]   rent: no valid data — keeping existing
[2026-06-01T09:22:38.124Z]   ✓ updated ireland
[2026-06-01T09:22:38.125Z] Processing italy (ITA)...
[2026-06-01T09:22:53.133Z]   safety_raw=46.15 → score_safety=4.62
[2026-06-01T09:22:53.134Z]   rent: no valid data — keeping existing
[2026-06-01T09:22:53.312Z]   ✓ updated italy
[2026-06-01T09:22:53.313Z] Processing japan (JPN)...
[2026-06-01T09:23:08.356Z]   safety_raw=75.87 → score_safety=7.59
[2026-06-01T09:23:08.358Z]   rent: no valid data — keeping existing
[2026-06-01T09:23:09.042Z]   ✓ updated japan
[2026-06-01T09:23:09.042Z] Processing malaysia (MYS)...
[2026-06-01T09:23:24.087Z]   safety_raw=40.82 → score_safety=4.08
[2026-06-01T09:23:24.088Z]   rent: no valid data — keeping existing
[2026-06-01T09:23:24.249Z]   ✓ updated malaysia
[2026-06-01T09:23:24.249Z] Processing mexico (MEX)...
[2026-06-01T09:23:27.529Z]   safety_raw=33.54 → score_safety=3.35
[2026-06-01T09:23:27.529Z]   rent: no valid data — keeping existing
[2026-06-01T09:23:27.637Z]   ✓ updated mexico
[2026-06-01T09:23:27.638Z] Processing netherlands (NLD)...
[2026-06-01T09:23:29.157Z]   safety_raw=70.04 → score_safety=7
[2026-06-01T09:23:29.158Z]   rent: no valid data — keeping existing
[2026-06-01T09:23:29.268Z]   ✓ updated netherlands
[2026-06-01T09:23:29.270Z] Processing new-zealand (NZL)...
[2026-06-01T09:23:31.939Z]   safety: no valid data — keeping existing
[2026-06-01T09:23:31.940Z]   rent: no valid data — keeping existing
[2026-06-01T09:23:31.941Z]   – no new data for new-zealand, skipping DB write
[2026-06-01T09:23:31.941Z] Processing norway (NOR)...
[2026-06-01T09:23:33.661Z]   safety: no valid data — keeping existing
[2026-06-01T09:23:33.663Z]   rent: no valid data — keeping existing
[2026-06-01T09:23:33.663Z]   – no new data for norway, skipping DB write
[2026-06-01T09:23:33.664Z] Processing panama (PAN)...
[2026-06-01T09:23:35.280Z]   safety: no valid data — keeping existing
[2026-06-01T09:23:35.280Z]   rent: no valid data — keeping existing
[2026-06-01T09:23:35.280Z]   – no new data for panama, skipping DB write
[2026-06-01T09:23:35.280Z] Processing philippines (PHL)...
[2026-06-01T09:23:37.057Z]   safety: no valid data — keeping existing
[2026-06-01T09:23:37.059Z]   rent: no valid data — keeping existing
[2026-06-01T09:23:37.059Z]   – no new data for philippines, skipping DB write
[2026-06-01T09:23:37.059Z] Processing poland (POL)...
[2026-06-01T09:23:52.065Z]   safety: no valid data — keeping existing
[2026-06-01T09:23:52.067Z]   rent: no valid data — keeping existing
[2026-06-01T09:23:52.068Z]   – no new data for poland, skipping DB write
[2026-06-01T09:23:52.068Z] Processing portugal (PRT)...
[2026-06-01T09:23:59.358Z]   safety: no valid data — keeping existing
[2026-06-01T09:23:59.360Z]   rent: no valid data — keeping existing
[2026-06-01T09:23:59.360Z]   – no new data for portugal, skipping DB write
[2026-06-01T09:23:59.360Z] Processing singapore (SGP)...
[2026-06-01T09:24:06.624Z]   safety: no valid data — keeping existing
[2026-06-01T09:24:06.625Z]   rent: no valid data — keeping existing
[2026-06-01T09:24:06.625Z]   – no new data for singapore, skipping DB write
[2026-06-01T09:24:06.625Z] Processing south-korea (KOR)...
[2026-06-01T09:24:14.312Z]   safety: no valid data — keeping existing
[2026-06-01T09:24:14.313Z]   rent: no valid data — keeping existing
[2026-06-01T09:24:14.313Z]   – no new data for south-korea, skipping DB write
[2026-06-01T09:24:14.313Z] Processing spain (ESP)...
[2026-06-01T09:24:17.404Z]   safety: no valid data — keeping existing
[2026-06-01T09:24:17.405Z]   rent: no valid data — keeping existing
[2026-06-01T09:24:17.405Z]   – no new data for spain, skipping DB write
[2026-06-01T09:24:17.406Z] Processing sweden (SWE)...
[2026-06-01T09:24:19.121Z]   safety: no valid data — keeping existing
[2026-06-01T09:24:19.122Z]   rent: no valid data — keeping existing
[2026-06-01T09:24:19.122Z]   – no new data for sweden, skipping DB write
[2026-06-01T09:24:19.122Z] Processing switzerland (CHE)...
[2026-06-01T09:24:21.040Z]   safety: no valid data — keeping existing
[2026-06-01T09:24:21.042Z]   rent: no valid data — keeping existing
[2026-06-01T09:24:21.042Z]   – no new data for switzerland, skipping DB write
[2026-06-01T09:24:21.042Z] Processing thailand (THA)...
[2026-06-01T09:24:36.048Z]   safety: no valid data — keeping existing
[2026-06-01T09:24:36.050Z]   rent: no valid data — keeping existing
[2026-06-01T09:24:36.052Z]   – no new data for thailand, skipping DB write
[2026-06-01T09:24:36.053Z] Processing uae (ARE)...
[2026-06-01T09:24:37.029Z]   safety: no valid data — keeping existing
[2026-06-01T09:24:37.030Z]   rent: no valid data — keeping existing
[2026-06-01T09:24:37.031Z]   – no new data for uae, skipping DB write
[2026-06-01T09:24:37.031Z] Processing united-kingdom (GBR)...
[2026-06-01T09:24:38.358Z]   safety: no valid data — keeping existing
[2026-06-01T09:24:38.359Z]   rent: no valid data — keeping existing
[2026-06-01T09:24:38.359Z]   – no new data for united-kingdom, skipping DB write
[2026-06-01T09:24:38.360Z] Processing united-states (USA)...
[2026-06-01T09:24:41.660Z]   safety: no valid data — keeping existing
[2026-06-01T09:24:41.661Z]   rent: no valid data — keeping existing
[2026-06-01T09:24:41.662Z]   – no new data for united-states, skipping DB write
[2026-06-01T09:24:41.662Z] Processing vietnam (VNM)...
[2026-06-01T09:24:43.251Z]   safety: no valid data — keeping existing
[2026-06-01T09:24:43.252Z]   rent: no valid data — keeping existing
[2026-06-01T09:24:43.252Z]   – no new data for vietnam, skipping DB write
[2026-06-01T09:24:43.252Z] === run complete in 244.6s — updated=19, skipped=79, errors=3 ===
[2026-06-01T09:24:43.252Z] Errors:
[2026-06-01T09:24:43.258Z]   ERROR processing argentina: Error: Country not found for slug "argentina": Cannot coerce the result to a single JSON object
[2026-06-01T09:24:43.258Z]   ERROR processing chile: Error: Country not found for slug "chile": Cannot coerce the result to a single JSON object
[2026-06-01T09:24:43.258Z]   ERROR processing indonesia: Error: Country not found for slug "indonesia": Cannot coerce the result to a single JSON object
[2026-08-30T02:06:09.791Z] WARNING: Missing NEXT_PUBLIC_SUPABASE_URL or SUPABASE_SERVICE_ROLE_KEY
[2026-08-30T02:06:09.792Z]   Running in SQL export mode — updates will be written to /home/user/origio/logs/pending-updates.sql instead of applied directly.
[2026-08-30T02:06:09.792Z] === data-updater v3.0 started — 55 countries ===
[2026-08-30T02:06:09.792Z] Sources: World Bank (salary), UNDP HDR (HDI), Wikipedia (fallback), Numbeo (costs/scores), static (visa)
[2026-08-30T02:06:09.792Z] 
Fetching UNDP HDI bulk data...
[2026-08-30T02:06:09.808Z]   UNDP HDI: 0 countries loaded
[2026-08-30T02:06:09.809Z] 
Processing argentina (ARG, ARS)...
[2026-08-30T02:06:09.988Z]   salary: no GNI/GDP data from any source — keeping existing
[2026-08-30T02:06:09.992Z]   HDI: no valid data from any source
[2026-08-30T02:06:09.992Z]   ✓ queued (SQL export, not yet applied) 1 fields — visa_difficulty=4[static]
[2026-08-30T02:06:09.992Z] 
Processing australia (AUS, AUD)...
[2026-08-30T02:06:10.014Z]   salary: no GNI/GDP data from any source — keeping existing
[2026-08-30T02:06:10.017Z]   HDI: no valid data from any source
[2026-08-30T02:06:10.017Z]   ✓ queued (SQL export, not yet applied) 2 fields — market_override=cost_rent_city_centre | visa_difficulty=6[static]
[2026-08-30T02:06:10.017Z] 
Processing austria (AUT, EUR)...
[2026-08-30T02:06:10.037Z]   salary: no GNI/GDP data from any source — keeping existing
[2026-08-30T02:06:10.040Z]   HDI: no valid data from any source
[2026-08-30T02:06:10.041Z]   ✓ queued (SQL export, not yet applied) 1 fields — visa_difficulty=5[static]
[2026-08-30T02:06:10.041Z] 
Processing belgium (BEL, EUR)...
[2026-08-30T02:06:10.058Z]   salary: no GNI/GDP data from any source — keeping existing
[2026-08-30T02:06:10.060Z]   HDI: no valid data from any source
[2026-08-30T02:06:10.061Z]   ✓ queued (SQL export, not yet applied) 1 fields — visa_difficulty=5[static]
[2026-08-30T02:06:10.061Z] 
Processing bulgaria (BGR, EUR)...
[2026-08-30T02:06:10.080Z]   salary: no GNI/GDP data from any source — keeping existing
[2026-08-30T02:06:10.083Z]   HDI: no valid data from any source
[2026-08-30T02:06:10.084Z]   ✓ queued (SQL export, not yet applied) 1 fields — visa_difficulty=4[static]
[2026-08-30T02:06:10.084Z] 
Processing brazil (BRA, BRL)...
[2026-08-30T02:06:10.101Z]   salary: no GNI/GDP data from any source — keeping existing
[2026-08-30T02:06:10.104Z]   HDI: no valid data from any source
[2026-08-30T02:06:10.104Z]   ✓ queued (SQL export, not yet applied) 1 fields — visa_difficulty=4[static]
[2026-08-30T02:06:10.105Z] 
Processing canada (CAN, CAD)...
[2026-08-30T02:06:10.129Z]   salary: no GNI/GDP data from any source — keeping existing
[2026-08-30T02:06:10.133Z]   HDI: no valid data from any source
[2026-08-30T02:06:10.133Z]   ✓ queued (SQL export, not yet applied) 2 fields — market_override=salary_software_engineer | visa_difficulty=5[static]
[2026-08-30T02:06:10.133Z] 
Processing chile (CHL, CLP)...
[2026-08-30T02:06:10.151Z]   salary: no GNI/GDP data from any source — keeping existing
[2026-08-30T02:06:10.154Z]   HDI: no valid data from any source
[2026-08-30T02:06:10.154Z]   ✓ queued (SQL export, not yet applied) 1 fields — visa_difficulty=3[static]
[2026-08-30T02:06:10.154Z] 
Processing colombia (COL, COP)...
[2026-08-30T02:06:10.172Z]   salary: no GNI/GDP data from any source — keeping existing
[2026-08-30T02:06:10.176Z]   HDI: no valid data from any source
[2026-08-30T02:06:10.176Z]   ✓ queued (SQL export, not yet applied) 1 fields — visa_difficulty=3[static]
[2026-08-30T02:06:10.176Z] 
Processing costa-rica (CRI, CRC)...
[2026-08-30T02:06:10.195Z]   salary: no GNI/GDP data from any source — keeping existing
[2026-08-30T02:06:10.198Z]   HDI: no valid data from any source
[2026-08-30T02:06:10.198Z]   ✓ queued (SQL export, not yet applied) 1 fields — visa_difficulty=3[static]
[2026-08-30T02:06:10.198Z] 
Processing croatia (HRV, EUR)...
[2026-08-30T02:06:10.220Z]   salary: no GNI/GDP data from any source — keeping existing
[2026-08-30T02:06:10.224Z]   HDI: no valid data from any source
[2026-08-30T02:06:10.224Z]   ✓ queued (SQL export, not yet applied) 1 fields — visa_difficulty=5[static]
[2026-08-30T02:06:10.224Z] 
Processing cyprus (CYP, EUR)...
[2026-08-30T02:06:10.242Z]   salary: no GNI/GDP data from any source — keeping existing
[2026-08-30T02:06:10.247Z]   HDI: no valid data from any source
[2026-08-30T02:06:10.247Z]   ✓ queued (SQL export, not yet applied) 1 fields — visa_difficulty=4[static]
[2026-08-30T02:06:10.247Z] 
Processing czech-republic (CZE, CZK)...
[2026-08-30T02:06:10.269Z]   salary: no GNI/GDP data from any source — keeping existing
[2026-08-30T02:06:10.272Z]   HDI: no valid data from any source
[2026-08-30T02:06:10.272Z]   ✓ queued (SQL export, not yet applied) 1 fields — visa_difficulty=5[static]
[2026-08-30T02:06:10.272Z] 
Processing denmark (DNK, DKK)...
[2026-08-30T02:06:10.290Z]   salary: no GNI/GDP data from any source — keeping existing
[2026-08-30T02:06:10.293Z]   HDI: no valid data from any source
[2026-08-30T02:06:10.294Z]   ✓ queued (SQL export, not yet applied) 1 fields — visa_difficulty=6[static]
[2026-08-30T02:06:10.294Z] 
Processing estonia (EST, EUR)...
[2026-08-30T02:06:10.314Z]   salary: no GNI/GDP data from any source — keeping existing
[2026-08-30T02:06:10.317Z]   HDI: no valid data from any source
[2026-08-30T02:06:10.317Z]   ✓ queued (SQL export, not yet applied) 1 fields — visa_difficulty=4[static]
[2026-08-30T02:06:10.317Z] 
Processing finland (FIN, EUR)...
[2026-08-30T02:06:10.338Z]   salary: no GNI/GDP data from any source — keeping existing
[2026-08-30T02:06:10.341Z]   HDI: no valid data from any source
[2026-08-30T02:06:10.341Z]   ✓ queued (SQL export, not yet applied) 1 fields — visa_difficulty=5[static]
[2026-08-30T02:06:10.341Z] 
Processing france (FRA, EUR)...
[2026-08-30T02:06:10.358Z]   salary: no GNI/GDP data from any source — keeping existing
[2026-08-30T02:06:10.361Z]   HDI: no valid data from any source
[2026-08-30T02:06:10.361Z]   ✓ queued (SQL export, not yet applied) 1 fields — visa_difficulty=5[static]
[2026-08-30T02:06:10.361Z] 
Processing georgia (GEO, GEL)...
[2026-08-30T02:06:10.378Z]   salary: no GNI/GDP data from any source — keeping existing
[2026-08-30T02:06:10.382Z]   HDI: no valid data from any source
[2026-08-30T02:06:10.382Z]   ✓ queued (SQL export, not yet applied) 1 fields — visa_difficulty=2[static]
[2026-08-30T02:06:10.382Z] 
Processing germany (DEU, EUR)...
[2026-08-30T02:06:10.399Z]   salary: no GNI/GDP data from any source — keeping existing
[2026-08-30T02:06:10.402Z]   HDI: no valid data from any source
[2026-08-30T02:06:10.402Z]   ✓ queued (SQL export, not yet applied) 1 fields — visa_difficulty=5[static]
[2026-08-30T02:06:10.402Z] 
Processing greece (GRC, EUR)...
[2026-08-30T02:06:10.425Z]   salary: no GNI/GDP data from any source — keeping existing
[2026-08-30T02:06:10.429Z]   HDI: no valid data from any source
[2026-08-30T02:06:10.429Z]   ✓ queued (SQL export, not yet applied) 1 fields — visa_difficulty=4[static]
[2026-08-30T02:06:10.429Z] 
Processing hungary (HUN, HUF)...
[2026-08-30T02:06:10.462Z]   salary: no GNI/GDP data from any source — keeping existing
[2026-08-30T02:06:10.466Z]   HDI: no valid data from any source
[2026-08-30T02:06:10.466Z]   ✓ queued (SQL export, not yet applied) 1 fields — visa_difficulty=4[static]
[2026-08-30T02:06:10.466Z] 
Processing iceland (ISL, ISK)...
[2026-08-30T02:06:10.486Z]   salary: no GNI/GDP data from any source — keeping existing
[2026-08-30T02:06:10.489Z]   HDI: no valid data from any source
[2026-08-30T02:06:10.489Z]   ✓ queued (SQL export, not yet applied) 1 fields — visa_difficulty=5[static]
[2026-08-30T02:06:10.489Z] 
Processing india (IND, INR)...
[2026-08-30T02:06:10.507Z]   salary: no GNI/GDP data from any source — keeping existing
[2026-08-30T02:06:10.510Z]   HDI: no valid data from any source
[2026-08-30T02:06:10.510Z]   ✓ queued (SQL export, not yet applied) 1 fields — visa_difficulty=7[static]
[2026-08-30T02:06:10.510Z] 
Processing indonesia (IDN, IDR)...
[2026-08-30T02:06:10.528Z]   salary: no GNI/GDP data from any source — keeping existing
[2026-08-30T02:06:10.531Z]   HDI: no valid data from any source
[2026-08-30T02:06:10.531Z]   ✓ queued (SQL export, not yet applied) 1 fields — visa_difficulty=5[static]
[2026-08-30T02:06:10.531Z] 
Processing ireland (IRL, EUR)...
[2026-08-30T02:06:10.549Z]   salary: no GNI/GDP data from any source — keeping existing
[2026-08-30T02:06:10.552Z]   HDI: no valid data from any source
[2026-08-30T02:06:10.552Z]   ✓ queued (SQL export, not yet applied) 2 fields — market_override=cost_rent_city_centre | visa_difficulty=5[static]
[2026-08-30T02:06:10.552Z] 
Processing israel (ISR, ILS)...
[2026-08-30T02:06:10.574Z]   salary: no GNI/GDP data from any source — keeping existing
[2026-08-30T02:06:10.578Z]   HDI: no valid data from any source
[2026-08-30T02:06:10.578Z]   ✓ queued (SQL export, not yet applied) 1 fields — visa_difficulty=6[static]
[2026-08-30T02:06:10.578Z] 
Processing italy (ITA, EUR)...
[2026-08-30T02:06:10.595Z]   salary: no GNI/GDP data from any source — keeping existing
[2026-08-30T02:06:10.598Z]   HDI: no valid data from any source
[2026-08-30T02:06:10.598Z]   ✓ queued (SQL export, not yet applied) 1 fields — visa_difficulty=4[static]
[2026-08-30T02:06:10.598Z] 
Processing japan (JPN, JPY)...
[2026-08-30T02:06:10.618Z]   salary: no GNI/GDP data from any source — keeping existing
[2026-08-30T02:06:10.622Z]   HDI: no valid data from any source
[2026-08-30T02:06:10.622Z]   ✓ queued (SQL export, not yet applied) 1 fields — visa_difficulty=7[static]
[2026-08-30T02:06:10.622Z] 
Processing luxembourg (LUX, EUR)...
[2026-08-30T02:06:10.643Z]   salary: no GNI/GDP data from any source — keeping existing
[2026-08-30T02:06:10.646Z]   HDI: no valid data from any source
[2026-08-30T02:06:10.646Z]   ✓ queued (SQL export, not yet applied) 1 fields — visa_difficulty=5[static]
[2026-08-30T02:06:10.646Z] 
Processing malaysia (MYS, MYR)...
[2026-08-30T02:06:10.667Z]   salary: no GNI/GDP data from any source — keeping existing
[2026-08-30T02:06:10.671Z]   HDI: no valid data from any source
[2026-08-30T02:06:10.671Z]   ✓ queued (SQL export, not yet applied) 1 fields — visa_difficulty=4[static]
[2026-08-30T02:06:10.671Z] 
Processing malta (MLT, EUR)...
[2026-08-30T02:06:10.690Z]   salary: no GNI/GDP data from any source — keeping existing
[2026-08-30T02:06:10.693Z]   HDI: no valid data from any source
[2026-08-30T02:06:10.693Z]   ✓ queued (SQL export, not yet applied) 1 fields — visa_difficulty=4[static]
[2026-08-30T02:06:10.693Z] 
Processing mexico (MEX, MXN)...
[2026-08-30T02:06:10.714Z]   salary: no GNI/GDP data from any source — keeping existing
[2026-08-30T02:06:10.717Z]   HDI: no valid data from any source
[2026-08-30T02:06:10.717Z]   ✓ queued (SQL export, not yet applied) 1 fields — visa_difficulty=3[static]
[2026-08-30T02:06:10.717Z] 
Processing netherlands (NLD, EUR)...
[2026-08-30T02:06:10.734Z]   salary: no GNI/GDP data from any source — keeping existing
[2026-08-30T02:06:10.738Z]   HDI: no valid data from any source
[2026-08-30T02:06:10.738Z]   ✓ queued (SQL export, not yet applied) 1 fields — visa_difficulty=5[static]
[2026-08-30T02:06:10.738Z] 
Processing new-zealand (NZL, NZD)...
[2026-08-30T02:06:10.756Z]   salary: no GNI/GDP data from any source — keeping existing
[2026-08-30T02:06:10.759Z]   HDI: no valid data from any source
[2026-08-30T02:06:10.760Z]   ✓ queued (SQL export, not yet applied) 1 fields — visa_difficulty=6[static]
[2026-08-30T02:06:10.760Z] 
Processing norway (NOR, NOK)...
[2026-08-30T02:06:10.779Z]   salary: no GNI/GDP data from any source — keeping existing
[2026-08-30T02:06:10.782Z]   HDI: no valid data from any source
[2026-08-30T02:06:10.782Z]   ✓ queued (SQL export, not yet applied) 1 fields — visa_difficulty=6[static]
[2026-08-30T02:06:10.782Z] 
Processing panama (PAN, USD)...
[2026-08-30T02:06:10.800Z]   salary: no GNI/GDP data from any source — keeping existing
[2026-08-30T02:06:10.804Z]   HDI: no valid data from any source
[2026-08-30T02:06:10.804Z]   ✓ queued (SQL export, not yet applied) 1 fields — visa_difficulty=3[static]
[2026-08-30T02:06:10.804Z] 
Processing philippines (PHL, PHP)...
[2026-08-30T02:06:10.822Z]   salary: no GNI/GDP data from any source — keeping existing
[2026-08-30T02:06:10.826Z]   HDI: no valid data from any source
[2026-08-30T02:06:10.826Z]   ✓ queued (SQL export, not yet applied) 1 fields — visa_difficulty=3[static]
[2026-08-30T02:06:10.826Z] 
Processing poland (POL, PLN)...
[2026-08-30T02:06:10.844Z]   salary: no GNI/GDP data from any source — keeping existing
[2026-08-30T02:06:10.848Z]   HDI: no valid data from any source
[2026-08-30T02:06:10.848Z]   ✓ queued (SQL export, not yet applied) 1 fields — visa_difficulty=5[static]
[2026-08-30T02:06:10.848Z] 
Processing portugal (PRT, EUR)...
[2026-08-30T02:06:10.868Z]   salary: no GNI/GDP data from any source — keeping existing
[2026-08-30T02:06:10.871Z]   HDI: no valid data from any source
[2026-08-30T02:06:10.872Z]   ✓ queued (SQL export, not yet applied) 1 fields — visa_difficulty=3[static]
[2026-08-30T02:06:10.872Z] 
Processing qatar (QAT, QAR)...
[2026-08-30T02:06:10.891Z]   salary: no GNI/GDP data from any source — keeping existing
[2026-08-30T02:06:10.895Z]   HDI: no valid data from any source
[2026-08-30T02:06:10.895Z]   ✓ queued (SQL export, not yet applied) 1 fields — visa_difficulty=8[static]
[2026-08-30T02:06:10.895Z] 
Processing romania (ROU, RON)...
[2026-08-30T02:06:10.915Z]   salary: no GNI/GDP data from any source — keeping existing
[2026-08-30T02:06:10.918Z]   HDI: no valid data from any source
[2026-08-30T02:06:10.918Z]   ✓ queued (SQL export, not yet applied) 1 fields — visa_difficulty=4[static]
[2026-08-30T02:06:10.919Z] 
Processing saudi-arabia (SAU, SAR)...
[2026-08-30T02:06:10.942Z]   salary: no GNI/GDP data from any source — keeping existing
[2026-08-30T02:06:10.946Z]   HDI: no valid data from any source
[2026-08-30T02:06:10.946Z]   ✓ queued (SQL export, not yet applied) 1 fields — visa_difficulty=8[static]
[2026-08-30T02:06:10.946Z] 
Processing serbia (SRB, RSD)...
[2026-08-30T02:06:10.974Z]   salary: no GNI/GDP data from any source — keeping existing
[2026-08-30T02:06:10.977Z]   HDI: no valid data from any source
[2026-08-30T02:06:10.977Z]   ✓ queued (SQL export, not yet applied) 1 fields — visa_difficulty=3[static]
[2026-08-30T02:06:10.977Z] 
Processing singapore (SGP, SGD)...
[2026-08-30T02:06:11.001Z]   salary: no GNI/GDP data from any source — keeping existing
[2026-08-30T02:06:11.005Z]   HDI: no valid data from any source
[2026-08-30T02:06:11.005Z]   ✓ queued (SQL export, not yet applied) 2 fields — market_override=cost_rent_city_centre | visa_difficulty=7[static]
[2026-08-30T02:06:11.005Z] 
Processing slovenia (SVN, EUR)...
[2026-08-30T02:06:11.026Z]   salary: no GNI/GDP data from any source — keeping existing
[2026-08-30T02:06:11.029Z]   HDI: no valid data from any source
[2026-08-30T02:06:11.030Z]   ✓ queued (SQL export, not yet applied) 1 fields — visa_difficulty=4[static]
[2026-08-30T02:06:11.030Z] 
Processing south-africa (ZAF, ZAR)...
[2026-08-30T02:06:11.047Z]   salary: no GNI/GDP data from any source — keeping existing
[2026-08-30T02:06:11.051Z]   HDI: no valid data from any source
[2026-08-30T02:06:11.051Z]   ✓ queued (SQL export, not yet applied) 1 fields — visa_difficulty=5[static]
[2026-08-30T02:06:11.051Z] 
Processing south-korea (KOR, KRW)...
[2026-08-30T02:06:11.068Z]   salary: no GNI/GDP data from any source — keeping existing
[2026-08-30T02:06:11.071Z]   HDI: no valid data from any source
[2026-08-30T02:06:11.071Z]   ✓ queued (SQL export, not yet applied) 1 fields — visa_difficulty=6[static]
[2026-08-30T02:06:11.071Z] 
Processing spain (ESP, EUR)...
[2026-08-30T02:06:11.090Z]   salary: no GNI/GDP data from any source — keeping existing
[2026-08-30T02:06:11.093Z]   HDI: no valid data from any source
[2026-08-30T02:06:11.093Z]   ✓ queued (SQL export, not yet applied) 1 fields — visa_difficulty=4[static]
[2026-08-30T02:06:11.093Z] 
Processing sweden (SWE, SEK)...
[2026-08-30T02:06:11.110Z]   salary: no GNI/GDP data from any source — keeping existing
[2026-08-30T02:06:11.113Z]   HDI: no valid data from any source
[2026-08-30T02:06:11.114Z]   ✓ queued (SQL export, not yet applied) 1 fields — visa_difficulty=5[static]
[2026-08-30T02:06:11.114Z] 
Processing switzerland (CHE, CHF)...
[2026-08-30T02:06:11.132Z]   salary: no GNI/GDP data from any source — keeping existing
[2026-08-30T02:06:11.135Z]   HDI: no valid data from any source
[2026-08-30T02:06:11.135Z]   ✓ queued (SQL export, not yet applied) 1 fields — visa_difficulty=7[static]
[2026-08-30T02:06:11.135Z] 
Processing thailand (THA, THB)...
[2026-08-30T02:06:11.154Z]   salary: no GNI/GDP data from any source — keeping existing
[2026-08-30T02:06:11.156Z]   HDI: no valid data from any source
[2026-08-30T02:06:11.157Z]   ✓ queued (SQL export, not yet applied) 1 fields — visa_difficulty=4[static]
[2026-08-30T02:06:11.157Z] 
Processing uae (ARE, AED)...
[2026-08-30T02:06:11.174Z]   salary: no GNI/GDP data from any source — keeping existing
[2026-08-30T02:06:11.177Z]   HDI: no valid data from any source
[2026-08-30T02:06:11.178Z]   ✓ queued (SQL export, not yet applied) 1 fields — visa_difficulty=5[static]
[2026-08-30T02:06:11.178Z] 
Processing united-kingdom (GBR, GBP)...
[2026-08-30T02:06:11.196Z]   salary: no GNI/GDP data from any source — keeping existing
[2026-08-30T02:06:11.199Z]   HDI: no valid data from any source
[2026-08-30T02:06:11.200Z]   ✓ queued (SQL export, not yet applied) 2 fields — market_override=cost_rent_city_centre | visa_difficulty=6[static]
[2026-08-30T02:06:11.200Z] 
Processing usa (USA, USD)...
[2026-08-30T02:06:11.221Z]   salary: no GNI/GDP data from any source — keeping existing
[2026-08-30T02:06:11.225Z]   HDI: no valid data from any source
[2026-08-30T02:06:11.225Z]   ✓ queued (SQL export, not yet applied) 2 fields — market_override=cost_rent_city_centre | visa_difficulty=7[static]
[2026-08-30T02:06:11.225Z] 
Processing vietnam (VNM, VND)...
[2026-08-30T02:06:11.246Z]   salary: no GNI/GDP data from any source — keeping existing
[2026-08-30T02:06:11.249Z]   HDI: no valid data from any source
[2026-08-30T02:06:11.249Z]   ✓ queued (SQL export, not yet applied) 1 fields — visa_difficulty=4[static]
[2026-08-30T02:06:11.249Z] 
======================================================================
[2026-08-30T02:06:11.249Z] Run complete at 2026-08-30T02:06:11.249Z
[2026-08-30T02:06:11.249Z] Elapsed:       1.5s
[2026-08-30T02:06:11.249Z] Countries:     55 total
[2026-08-30T02:06:11.249Z] Queued:        55 rows
[2026-08-30T02:06:11.249Z] Skipped:       55 (no data)
[2026-08-30T02:06:11.249Z] Errors:        0
[2026-08-30T02:06:11.249Z] World Bank:    0 salary datasets
[2026-08-30T02:06:11.249Z] UNDP HDR:      0 HDI values preloaded + 0 per-country
[2026-08-30T02:06:11.249Z] Numbeo:        0 cost/score datasets
[2026-08-30T02:06:11.249Z] Wikipedia:     0 fallback uses
[2026-08-30T02:06:11.249Z] Visa table:    static (55 entries)
[2026-08-30T02:06:11.249Z] SQL export:    55 statements written to /home/user/origio/logs/pending-updates.sql (not yet applied to DB)
[2026-08-30T02:06:11.249Z] ======================================================================
